C:\Users\anand\Repos\RunCat365\WapForStore\WapForStore.wapproj : warning NU1503: Skipping restore for project 'C:\Users\anand\Repos\RunCat365\WapForStore\WapForStore.wapproj'. The project file may be invalid or missing targets required for restore. [C:\Users\anand\Repos\RunCat365\RunCat365.sln]
  Determining projects to restore...
  All projects are up-to-date for restore.
C:\Users\anand\Repos\RunCat365\WapForStore\WapForStore.wapproj(35,3): error MSB4019: The imported project "C:\Program Files\dotnet\sdk\9.0.308\Microsoft\DesktopBridge\Microsoft.DesktopBridge.props" was not found. Confirm that the expression in the Import declaration "$(WapProjPath)\Microsoft.DesktopBridge.props", which evaluated to "C:\Program Files\dotnet\sdk\9.0.308\\Microsoft\DesktopBridge\\Microsoft.DesktopBridge.props", is correct, and that the file exists on disk.
  RunCat365 -> C:\Users\anand\Repos\RunCat365\RunCat365\bin\ARM64\Debug\net9.0-windows10.0.26100.0\RunCat 365.dll

Build FAILED.

C:\Users\anand\Repos\RunCat365\WapForStore\WapForStore.wapproj : warning NU1503: Skipping restore for project 'C:\Users\anand\Repos\RunCat365\WapForStore\WapForStore.wapproj'. The project file may be invalid or missing targets required for restore. [C:\Users\anand\Repos\RunCat365\RunCat365.sln]
C:\Users\anand\Repos\RunCat365\WapForStore\WapForStore.wapproj(35,3): error MSB4019: The imported project "C:\Program Files\dotnet\sdk\9.0.308\Microsoft\DesktopBridge\Microsoft.DesktopBridge.props" was not found. Confirm that the expression in the Import declaration "$(WapProjPath)\Microsoft.DesktopBridge.props", which evaluated to "C:\Program Files\dotnet\sdk\9.0.308\\Microsoft\DesktopBridge\\Microsoft.DesktopBridge.props", is correct, and that the file exists on disk.
    1 Warning(s)
    1 Error(s)

Time Elapsed 00:00:01.05

Workload updates are available. Run `dotnet workload list` for more information.
